\BOOKMARK [1][-]{section.1}{\376\377\000I\000n\000t\000r\000o\000d\000u\000\347\000\343\000o}{}% 1
\BOOKMARK [1][-]{section.2}{\376\377\000F\000u\000n\000d\000a\000m\000e\000n\000t\000a\000\347\000\343\000o\000\040\000M\000a\000t\000e\000m\000\341\000t\000i\000c\000a}{}% 2
\BOOKMARK [2][-]{subsection.2.1}{\376\377\000R\000e\000p\000r\000e\000s\000e\000n\000t\000a\000\347\000\343\000o\000\040\000d\000a\000s\000\040\000a\000m\000o\000s\000t\000r\000a\000s}{section.2}% 3
\BOOKMARK [2][-]{subsection.2.2}{\376\377\000F\000u\000n\000\347\000\365\000e\000s\000\040\000d\000e\000\040\000b\000a\000s\000e\000\040\000r\000a\000d\000i\000a\000i\000s}{section.2}% 4
\BOOKMARK [2][-]{subsection.2.3}{\376\377\000N\000o\000r\000m\000a\000l\000i\000z\000a\000\347\000\343\000o\000\040\000d\000o\000s\000\040\000p\000e\000s\000o\000s}{section.2}% 5
\BOOKMARK [1][-]{section.3}{\376\377\000C\000r\000i\000t\000\351\000r\000i\000o\000s\000\040\000d\000e\000\040\000A\000n\000\341\000l\000i\000s\000e}{}% 6
\BOOKMARK [2][-]{subsection.3.1}{\376\377\000D\000o\000m\000\355\000n\000i\000o}{section.3}% 7
\BOOKMARK [2][-]{subsection.3.2}{\376\377\000V\000a\000l\000o\000r\000\040\000n\000a\000\040\000o\000r\000i\000g\000e\000m}{section.3}% 8
\BOOKMARK [2][-]{subsection.3.3}{\376\377\000P\000o\000s\000i\000t\000i\000v\000i\000d\000a\000d\000e}{section.3}% 9
\BOOKMARK [2][-]{subsection.3.4}{\376\377\000M\000o\000n\000o\000t\000o\000n\000i\000c\000i\000d\000a\000d\000e}{section.3}% 10
\BOOKMARK [2][-]{subsection.3.5}{\376\377\000C\000o\000n\000t\000i\000n\000u\000i\000d\000a\000d\000e\000\040\000e\000\040\000r\000e\000g\000u\000l\000a\000r\000i\000d\000a\000d\000e}{section.3}% 11
\BOOKMARK [2][-]{subsection.3.6}{\376\377\000C\000o\000m\000p\000o\000r\000t\000a\000m\000e\000n\000t\000o\000\040\000a\000s\000s\000i\000n\000t\000\363\000t\000i\000c\000o}{section.3}% 12
\BOOKMARK [2][-]{subsection.3.7}{\376\377\000C\000o\000m\000p\000o\000r\000t\000a\000m\000e\000n\000t\000o\000\040\000l\000o\000c\000a\000l}{section.3}% 13
\BOOKMARK [2][-]{subsection.3.8}{\376\377\000S\000u\000p\000o\000r\000t\000e}{section.3}% 14
\BOOKMARK [2][-]{subsection.3.9}{\376\377\000I\000n\000t\000e\000r\000p\000o\000l\000a\000\347\000\343\000o}{section.3}% 15
\BOOKMARK [2][-]{subsection.3.10}{\376\377\000P\000a\000r\000t\000i\000\347\000\343\000o\000\040\000d\000a\000\040\000u\000n\000i\000d\000a\000d\000e}{section.3}% 16
\BOOKMARK [1][-]{section.4}{\376\377\000M\000e\000t\000o\000d\000o\000l\000o\000g\000i\000a\000\040\000d\000e\000\040\000V\000i\000s\000u\000a\000l\000i\000z\000a\000\347\000\343\000o}{}% 17
\BOOKMARK [1][-]{section.5}{\376\377\000A\000n\000\341\000l\000i\000s\000e\000\040\000d\000a\000s\000\040\000F\000u\000n\000\347\000\365\000e\000s\000\040\000d\000e\000\040\000B\000a\000s\000e}{}% 18
\BOOKMARK [2][-]{subsection.5.1}{\376\377\000S\000h\000e\000p\000a\000r\000d}{section.5}% 19
\BOOKMARK [3][-]{subsubsection.5.1.1}{\376\377\000D\000e\000f\000i\000n\000i\000\347\000\343\000o}{subsection.5.1}% 20
\BOOKMARK [3][-]{subsubsection.5.1.2}{\376\377\000P\000a\000r\000\342\000m\000e\000t\000r\000o\000s}{subsection.5.1}% 21
\BOOKMARK [3][-]{subsubsection.5.1.3}{\376\377\000D\000o\000m\000\355\000n\000i\000o}{subsection.5.1}% 22
\BOOKMARK [3][-]{subsubsection.5.1.4}{\376\377\000V\000a\000l\000o\000r\000\040\000n\000a\000\040\000o\000r\000i\000g\000e\000m}{subsection.5.1}% 23
\BOOKMARK [3][-]{subsubsection.5.1.5}{\376\377\000P\000o\000s\000i\000t\000i\000v\000i\000d\000a\000d\000e}{subsection.5.1}% 24
\BOOKMARK [3][-]{subsubsection.5.1.6}{\376\377\000M\000o\000n\000o\000t\000o\000n\000i\000c\000i\000d\000a\000d\000e}{subsection.5.1}% 25
\BOOKMARK [3][-]{subsubsection.5.1.7}{\376\377\000C\000o\000m\000p\000o\000r\000t\000a\000m\000e\000n\000t\000o\000\040\000a\000s\000s\000i\000n\000t\000\363\000t\000i\000c\000o}{subsection.5.1}% 26
\BOOKMARK [3][-]{subsubsection.5.1.8}{\376\377\000C\000o\000n\000t\000i\000n\000u\000i\000d\000a\000d\000e\000\040\000e\000\040\000r\000e\000g\000u\000l\000a\000r\000i\000d\000a\000d\000e}{subsection.5.1}% 27
\BOOKMARK [3][-]{subsubsection.5.1.9}{\376\377\000S\000u\000p\000o\000r\000t\000e}{subsection.5.1}% 28
\BOOKMARK [3][-]{subsubsection.5.1.10}{\376\377\000G\000r\000\341\000f\000i\000c\000o}{subsection.5.1}% 29
\BOOKMARK [3][-]{subsubsection.5.1.11}{\376\377\000O\000b\000s\000e\000r\000v\000a\000\347\000\365\000e\000s}{subsection.5.1}% 30
\BOOKMARK [2][-]{subsection.5.2}{\376\377\000R\000a\000d\000i\000a\000l}{section.5}% 31
\BOOKMARK [3][-]{subsubsection.5.2.1}{\376\377\000D\000e\000f\000i\000n\000i\000\347\000\343\000o}{subsection.5.2}% 32
\BOOKMARK [3][-]{subsubsection.5.2.2}{\376\377\000A\000n\000\341\000l\000i\000s\000e\000\040\000m\000a\000t\000e\000m\000\341\000t\000i\000c\000a}{subsection.5.2}% 33
\BOOKMARK [3][-]{subsubsection.5.2.3}{\376\377\000G\000r\000\341\000f\000i\000c\000o}{subsection.5.2}% 34
\BOOKMARK [3][-]{subsubsection.5.2.4}{\376\377\000O\000b\000s\000e\000r\000v\000a\000\347\000\365\000e\000s}{subsection.5.2}% 35
\BOOKMARK [2][-]{subsection.5.3}{\376\377\000R\000B\000F\000\040\000G\000a\000u\000s\000s\000i\000a\000n}{section.5}% 36
\BOOKMARK [3][-]{subsubsection.5.3.1}{\376\377\000D\000e\000f\000i\000n\000i\000\347\000\343\000o}{subsection.5.3}% 37
\BOOKMARK [3][-]{subsubsection.5.3.2}{\376\377\000A\000n\000\341\000l\000i\000s\000e\000\040\000m\000a\000t\000e\000m\000\341\000t\000i\000c\000a}{subsection.5.3}% 38
\BOOKMARK [3][-]{subsubsection.5.3.3}{\376\377\000G\000r\000\341\000f\000i\000c\000o}{subsection.5.3}% 39
\BOOKMARK [3][-]{subsubsection.5.3.4}{\376\377\000O\000b\000s\000e\000r\000v\000a\000\347\000\365\000e\000s}{subsection.5.3}% 40
\BOOKMARK [2][-]{subsection.5.4}{\376\377\000M\000u\000l\000t\000i\000q\000u\000a\000d\000r\000a\000t\000i\000c}{section.5}% 41
\BOOKMARK [3][-]{subsubsection.5.4.1}{\376\377\000D\000e\000f\000i\000n\000i\000\347\000\343\000o}{subsection.5.4}% 42
\BOOKMARK [3][-]{subsubsection.5.4.2}{\376\377\000A\000n\000\341\000l\000i\000s\000e}{subsection.5.4}% 43
\BOOKMARK [3][-]{subsubsection.5.4.3}{\376\377\000G\000r\000\341\000f\000i\000c\000o}{subsection.5.4}% 44
\BOOKMARK [3][-]{subsubsection.5.4.4}{\376\377\000O\000b\000s\000e\000r\000v\000a\000\347\000\365\000e\000s}{subsection.5.4}% 45
\BOOKMARK [2][-]{subsection.5.5}{\376\377\000I\000n\000v\000e\000r\000s\000e\000\040\000M\000u\000l\000t\000i\000q\000u\000a\000d\000r\000a\000t\000i\000c}{section.5}% 46
\BOOKMARK [3][-]{subsubsection.5.5.1}{\376\377\000D\000e\000f\000i\000n\000i\000\347\000\343\000o}{subsection.5.5}% 47
\BOOKMARK [3][-]{subsubsection.5.5.2}{\376\377\000A\000n\000\341\000l\000i\000s\000e}{subsection.5.5}% 48
\BOOKMARK [3][-]{subsubsection.5.5.3}{\376\377\000G\000r\000\341\000f\000i\000c\000o}{subsection.5.5}% 49
\BOOKMARK [3][-]{subsubsection.5.5.4}{\376\377\000O\000b\000s\000e\000r\000v\000a\000\347\000\365\000e\000s}{subsection.5.5}% 50
\BOOKMARK [2][-]{subsection.5.6}{\376\377\000W\000e\000n\000d\000l\000a\000n\000d\000\040\000C\0002}{section.5}% 51
\BOOKMARK [3][-]{subsubsection.5.6.1}{\376\377\000D\000e\000f\000i\000n\000i\000\347\000\343\000o}{subsection.5.6}% 52
\BOOKMARK [3][-]{subsubsection.5.6.2}{\376\377\000A\000n\000\341\000l\000i\000s\000e}{subsection.5.6}% 53
\BOOKMARK [3][-]{subsubsection.5.6.3}{\376\377\000G\000r\000\341\000f\000i\000c\000o}{subsection.5.6}% 54
\BOOKMARK [3][-]{subsubsection.5.6.4}{\376\377\000O\000b\000s\000e\000r\000v\000a\000\347\000\365\000e\000s}{subsection.5.6}% 55
\BOOKMARK [2][-]{subsection.5.7}{\376\377\000C\000u\000b\000i\000c\000\040\000S\000p\000l\000i\000n\000e}{section.5}% 56
\BOOKMARK [3][-]{subsubsection.5.7.1}{\376\377\000D\000e\000f\000i\000n\000i\000\347\000\343\000o}{subsection.5.7}% 57
\BOOKMARK [3][-]{subsubsection.5.7.2}{\376\377\000A\000n\000\341\000l\000i\000s\000e}{subsection.5.7}% 58
\BOOKMARK [3][-]{subsubsection.5.7.3}{\376\377\000G\000r\000\341\000f\000i\000c\000o}{subsection.5.7}% 59
\BOOKMARK [3][-]{subsubsection.5.7.4}{\376\377\000O\000b\000s\000e\000r\000v\000a\000\347\000\365\000e\000s}{subsection.5.7}% 60
\BOOKMARK [2][-]{subsection.5.8}{\376\377\000Q\000u\000a\000r\000t\000i\000c\000\040\000S\000p\000l\000i\000n\000e}{section.5}% 61
\BOOKMARK [3][-]{subsubsection.5.8.1}{\376\377\000D\000e\000f\000i\000n\000i\000\347\000\343\000o}{subsection.5.8}% 62
\BOOKMARK [3][-]{subsubsection.5.8.2}{\376\377\000A\000n\000\341\000l\000i\000s\000e}{subsection.5.8}% 63
\BOOKMARK [3][-]{subsubsection.5.8.3}{\376\377\000G\000r\000\341\000f\000i\000c\000o}{subsection.5.8}% 64
\BOOKMARK [3][-]{subsubsection.5.8.4}{\376\377\000O\000b\000s\000e\000r\000v\000a\000\347\000\365\000e\000s}{subsection.5.8}% 65
\BOOKMARK [2][-]{subsection.5.9}{\376\377\000G\000e\000n\000e\000r\000a\000l\000i\000z\000e\000d\000\040\000E\000x\000p\000o\000n\000e\000n\000t\000i\000a\000l}{section.5}% 66
\BOOKMARK [3][-]{subsubsection.5.9.1}{\376\377\000D\000e\000f\000i\000n\000i\000\347\000\343\000o}{subsection.5.9}% 67
\BOOKMARK [3][-]{subsubsection.5.9.2}{\376\377\000A\000n\000\341\000l\000i\000s\000e}{subsection.5.9}% 68
\BOOKMARK [3][-]{subsubsection.5.9.3}{\376\377\000G\000r\000\341\000f\000i\000c\000o}{subsection.5.9}% 69
\BOOKMARK [3][-]{subsubsection.5.9.4}{\376\377\000O\000b\000s\000e\000r\000v\000a\000\347\000\365\000e\000s}{subsection.5.9}% 70
\BOOKMARK [2][-]{subsection.5.10}{\376\377\000S\000o\000f\000t\000m\000a\000x\000\040\000R\000a\000d\000i\000a\000l}{section.5}% 71
\BOOKMARK [3][-]{subsubsection.5.10.1}{\376\377\000D\000e\000f\000i\000n\000i\000\347\000\343\000o}{subsection.5.10}% 72
\BOOKMARK [3][-]{subsubsection.5.10.2}{\376\377\000A\000n\000\341\000l\000i\000s\000e}{subsection.5.10}% 73
\BOOKMARK [3][-]{subsubsection.5.10.3}{\376\377\000G\000r\000\341\000f\000i\000c\000o}{subsection.5.10}% 74
\BOOKMARK [3][-]{subsubsection.5.10.4}{\376\377\000O\000b\000s\000e\000r\000v\000a\000\347\000\365\000e\000s}{subsection.5.10}% 75
\BOOKMARK [2][-]{subsection.5.11}{\376\377\000A\000t\000t\000e\000n\000t\000i\000o\000n}{section.5}% 76
\BOOKMARK [3][-]{subsubsection.5.11.1}{\376\377\000D\000e\000f\000i\000n\000i\000\347\000\343\000o}{subsection.5.11}% 77
\BOOKMARK [3][-]{subsubsection.5.11.2}{\376\377\000A\000n\000\341\000l\000i\000s\000e}{subsection.5.11}% 78
\BOOKMARK [3][-]{subsubsection.5.11.3}{\376\377\000G\000r\000\341\000f\000i\000c\000o}{subsection.5.11}% 79
\BOOKMARK [3][-]{subsubsection.5.11.4}{\376\377\000O\000b\000s\000e\000r\000v\000a\000\347\000\365\000e\000s}{subsection.5.11}% 80
\BOOKMARK [2][-]{subsection.5.12}{\376\377\000L\000o\000g\000a\000r\000i\000t\000h\000m\000i\000c}{section.5}% 81
\BOOKMARK [3][-]{subsubsection.5.12.1}{\376\377\000D\000e\000f\000i\000n\000i\000\347\000\343\000o}{subsection.5.12}% 82
\BOOKMARK [3][-]{subsubsection.5.12.2}{\376\377\000A\000n\000\341\000l\000i\000s\000e}{subsection.5.12}% 83
\BOOKMARK [3][-]{subsubsection.5.12.3}{\376\377\000G\000r\000\341\000f\000i\000c\000o}{subsection.5.12}% 84
\BOOKMARK [3][-]{subsubsection.5.12.4}{\376\377\000O\000b\000s\000e\000r\000v\000a\000\347\000\365\000e\000s}{subsection.5.12}% 85
\BOOKMARK [2][-]{subsection.5.13}{\376\377\000H\000a\000r\000m\000o\000n\000i\000c}{section.5}% 86
\BOOKMARK [3][-]{subsubsection.5.13.1}{\376\377\000D\000e\000f\000i\000n\000i\000\347\000\343\000o}{subsection.5.13}% 87
\BOOKMARK [3][-]{subsubsection.5.13.2}{\376\377\000A\000n\000\341\000l\000i\000s\000e}{subsection.5.13}% 88
\BOOKMARK [3][-]{subsubsection.5.13.3}{\376\377\000G\000r\000\341\000f\000i\000c\000o}{subsection.5.13}% 89
\BOOKMARK [3][-]{subsubsection.5.13.4}{\376\377\000O\000b\000s\000e\000r\000v\000a\000\347\000\365\000e\000s}{subsection.5.13}% 90
\BOOKMARK [2][-]{subsection.5.14}{\376\377\000L\000a\000p\000l\000a\000c\000i\000a\000n}{section.5}% 91
\BOOKMARK [3][-]{subsubsection.5.14.1}{\376\377\000D\000e\000f\000i\000n\000i\000\347\000\343\000o}{subsection.5.14}% 92
\BOOKMARK [3][-]{subsubsection.5.14.2}{\376\377\000A\000n\000\341\000l\000i\000s\000e}{subsection.5.14}% 93
\BOOKMARK [3][-]{subsubsection.5.14.3}{\376\377\000G\000r\000\341\000f\000i\000c\000o}{subsection.5.14}% 94
\BOOKMARK [3][-]{subsubsection.5.14.4}{\376\377\000O\000b\000s\000e\000r\000v\000a\000\347\000\365\000e\000s}{subsection.5.14}% 95
\BOOKMARK [2][-]{subsection.5.15}{\376\377\000C\000a\000u\000c\000h\000y}{section.5}% 96
\BOOKMARK [3][-]{subsubsection.5.15.1}{\376\377\000D\000e\000f\000i\000n\000i\000\347\000\343\000o}{subsection.5.15}% 97
\BOOKMARK [3][-]{subsubsection.5.15.2}{\376\377\000A\000n\000\341\000l\000i\000s\000e}{subsection.5.15}% 98
\BOOKMARK [3][-]{subsubsection.5.15.3}{\376\377\000G\000r\000\341\000f\000i\000c\000o}{subsection.5.15}% 99
\BOOKMARK [3][-]{subsubsection.5.15.4}{\376\377\000O\000b\000s\000e\000r\000v\000a\000\347\000\365\000e\000s}{subsection.5.15}% 100
\BOOKMARK [2][-]{subsection.5.16}{\376\377\000S\000t\000u\000d\000e\000n\000t\000-\000t}{section.5}% 101
\BOOKMARK [3][-]{subsubsection.5.16.1}{\376\377\000D\000e\000f\000i\000n\000i\000\347\000\343\000o}{subsection.5.16}% 102
\BOOKMARK [3][-]{subsubsection.5.16.2}{\376\377\000A\000n\000\341\000l\000i\000s\000e}{subsection.5.16}% 103
\BOOKMARK [3][-]{subsubsection.5.16.3}{\376\377\000G\000r\000\341\000f\000i\000c\000o}{subsection.5.16}% 104
\BOOKMARK [3][-]{subsubsection.5.16.4}{\376\377\000O\000b\000s\000e\000r\000v\000a\000\347\000\365\000e\000s}{subsection.5.16}% 105
\BOOKMARK [2][-]{subsection.5.17}{\376\377\000C\000o\000s\000i\000n\000e}{section.5}% 106
\BOOKMARK [3][-]{subsubsection.5.17.1}{\376\377\000D\000e\000f\000i\000n\000i\000\347\000\343\000o}{subsection.5.17}% 107
\BOOKMARK [3][-]{subsubsection.5.17.2}{\376\377\000A\000n\000\341\000l\000i\000s\000e}{subsection.5.17}% 108
\BOOKMARK [3][-]{subsubsection.5.17.3}{\376\377\000G\000r\000\341\000f\000i\000c\000o}{subsection.5.17}% 109
\BOOKMARK [3][-]{subsubsection.5.17.4}{\376\377\000O\000b\000s\000e\000r\000v\000a\000\347\000\365\000e\000s}{subsection.5.17}% 110
\BOOKMARK [2][-]{subsection.5.18}{\376\377\000S\000i\000g\000m\000o\000i\000d\000a\000l}{section.5}% 111
\BOOKMARK [3][-]{subsubsection.5.18.1}{\376\377\000D\000e\000f\000i\000n\000i\000\347\000\343\000o}{subsection.5.18}% 112
\BOOKMARK [3][-]{subsubsection.5.18.2}{\376\377\000A\000n\000\341\000l\000i\000s\000e}{subsection.5.18}% 113
\BOOKMARK [3][-]{subsubsection.5.18.3}{\376\377\000G\000r\000\341\000f\000i\000c\000o}{subsection.5.18}% 114
\BOOKMARK [3][-]{subsubsection.5.18.4}{\376\377\000O\000b\000s\000e\000r\000v\000a\000\347\000\365\000e\000s}{subsection.5.18}% 115
\BOOKMARK [2][-]{subsection.5.19}{\376\377\000L\000o\000r\000e\000n\000t\000z\000i\000a\000n}{section.5}% 116
\BOOKMARK [3][-]{subsubsection.5.19.1}{\376\377\000D\000e\000f\000i\000n\000i\000\347\000\343\000o}{subsection.5.19}% 117
\BOOKMARK [3][-]{subsubsection.5.19.2}{\376\377\000A\000n\000\341\000l\000i\000s\000e}{subsection.5.19}% 118
\BOOKMARK [3][-]{subsubsection.5.19.3}{\376\377\000G\000r\000\341\000f\000i\000c\000o}{subsection.5.19}% 119
\BOOKMARK [3][-]{subsubsection.5.19.4}{\376\377\000O\000b\000s\000e\000r\000v\000a\000\347\000\365\000e\000s}{subsection.5.19}% 120
\BOOKMARK [2][-]{subsection.5.20}{\376\377\000E\000n\000t\000r\000o\000p\000i\000c}{section.5}% 121
\BOOKMARK [3][-]{subsubsection.5.20.1}{\376\377\000D\000e\000f\000i\000n\000i\000\347\000\343\000o}{subsection.5.20}% 122
\BOOKMARK [3][-]{subsubsection.5.20.2}{\376\377\000A\000n\000\341\000l\000i\000s\000e}{subsection.5.20}% 123
\BOOKMARK [3][-]{subsubsection.5.20.3}{\376\377\000G\000r\000\341\000f\000i\000c\000o}{subsection.5.20}% 124
\BOOKMARK [3][-]{subsubsection.5.20.4}{\376\377\000O\000b\000s\000e\000r\000v\000a\000\347\000\365\000e\000s}{subsection.5.20}% 125
\BOOKMARK [2][-]{subsection.5.21}{\376\377\000R\000a\000t\000i\000o\000n\000a\000l\000\040\000Q\000u\000a\000d\000r\000a\000t\000i\000c}{section.5}% 126
\BOOKMARK [3][-]{subsubsection.5.21.1}{\376\377\000D\000e\000f\000i\000n\000i\000\347\000\343\000o}{subsection.5.21}% 127
\BOOKMARK [3][-]{subsubsection.5.21.2}{\376\377\000A\000n\000\341\000l\000i\000s\000e}{subsection.5.21}% 128
\BOOKMARK [3][-]{subsubsection.5.21.3}{\376\377\000G\000r\000\341\000f\000i\000c\000o}{subsection.5.21}% 129
\BOOKMARK [3][-]{subsubsection.5.21.4}{\376\377\000O\000b\000s\000e\000r\000v\000a\000\347\000\365\000e\000s}{subsection.5.21}% 130
\BOOKMARK [1][-]{section.6}{\376\377\000C\000o\000m\000p\000a\000r\000a\000\347\000\343\000o\000\040\000d\000a\000s\000\040\000F\000u\000n\000\347\000\365\000e\000s\000\040\000d\000e\000\040\000B\000a\000s\000e}{}% 131
\BOOKMARK [1][-]{section.7}{\376\377\000C\000o\000m\000p\000a\000r\000a\000\347\000\343\000o\000\040\000G\000r\000\341\000f\000i\000c\000a}{}% 132
\BOOKMARK [2][-]{subsection.7.1}{\376\377\000C\000o\000m\000p\000a\000r\000a\000\347\000\343\000o\000\040\000d\000a\000s\000\040\000f\000u\000n\000\347\000\365\000e\000s}{section.7}% 133
\BOOKMARK [2][-]{subsection.7.2}{\376\377\000F\000u\000n\000\347\000\365\000e\000s\000\040\000d\000e\000\040\000d\000e\000c\000a\000i\000m\000e\000n\000t\000o\000\040\000r\000\341\000p\000i\000d\000o}{section.7}% 134
\BOOKMARK [2][-]{subsection.7.3}{\376\377\000F\000u\000n\000\347\000\365\000e\000s\000\040\000d\000e\000\040\000d\000e\000c\000a\000i\000m\000e\000n\000t\000o\000\040\000l\000e\000n\000t\000o}{section.7}% 135
\BOOKMARK [2][-]{subsection.7.4}{\376\377\000F\000u\000n\000\347\000\365\000e\000s\000\040\000c\000o\000m\000\040\000s\000u\000p\000o\000r\000t\000e\000\040\000c\000o\000m\000p\000a\000c\000t\000o}{section.7}% 136
\BOOKMARK [1][-]{section.8}{\376\377\000I\000n\000f\000l\000u\000\352\000n\000c\000i\000a\000\040\000d\000o\000s\000\040\000P\000a\000r\000\342\000m\000e\000t\000r\000o\000s}{}% 137
\BOOKMARK [2][-]{subsection.8.1}{\376\377\000V\000a\000r\000i\000a\000\347\000\343\000o\000\040\000d\000a\000\040\000l\000a\000r\000g\000u\000r\000a}{section.8}% 138
\BOOKMARK [2][-]{subsection.8.2}{\376\377\000V\000a\000r\000i\000a\000\347\000\343\000o\000\040\000d\000a\000\040\000t\000a\000x\000a\000\040\000d\000e\000\040\000d\000e\000c\000a\000i\000m\000e\000n\000t\000o}{section.8}% 139
\BOOKMARK [2][-]{subsection.8.3}{\376\377\000O\000b\000s\000e\000r\000v\000a\000\347\000\365\000e\000s}{section.8}% 140
\BOOKMARK [1][-]{section.9}{\376\377\000R\000e\000l\000a\000\347\000\343\000o\000\040\000e\000n\000t\000r\000e\000\040\000a\000s\000\040\000P\000r\000o\000p\000r\000i\000e\000d\000a\000d\000e\000s\000\040\000M\000a\000t\000e\000m\000\341\000t\000i\000c\000a\000s\000\040\000e\000\040\000o\000s\000\040\000R\000e\000s\000u\000l\000t\000a\000d\000o\000s\000\040\000E\000x\000p\000e\000r\000i\000m\000e\000n\000t\000a\000i\000s}{}% 141
\BOOKMARK [2][-]{subsection.9.1}{\376\377\000C\000o\000m\000p\000a\000r\000a\000\347\000\343\000o\000\040\000c\000o\000m\000\040\000a\000\040\000a\000c\000u\000r\000\341\000c\000i\000a}{section.9}% 142
\BOOKMARK [2][-]{subsection.9.2}{\376\377\000C\000o\000m\000p\000a\000r\000a\000\347\000\343\000o\000\040\000c\000o\000m\000\040\000F\0001\000-\000s\000c\000o\000r\000e}{section.9}% 143
\BOOKMARK [1][-]{section.10}{\376\377\000D\000i\000s\000c\000u\000s\000s\000\343\000o}{}% 144
\BOOKMARK [2][-]{subsection.10.1}{\376\377\000I\000n\000f\000l\000u\000\352\000n\000c\000i\000a\000\040\000d\000a\000\040\000d\000i\000s\000t\000\342\000n\000c\000i\000a}{section.10}% 145
\BOOKMARK [2][-]{subsection.10.2}{\376\377\000I\000n\000f\000l\000u\000\352\000n\000c\000i\000a\000\040\000d\000a\000s\000\040\000p\000r\000o\000p\000r\000i\000e\000d\000a\000d\000e\000s\000\040\000m\000a\000t\000e\000m\000\341\000t\000i\000c\000a\000s}{section.10}% 146
\BOOKMARK [2][-]{subsection.10.3}{\376\377\000C\000o\000m\000p\000o\000r\000t\000a\000m\000e\000n\000t\000o\000\040\000e\000n\000t\000r\000e\000\040\000d\000i\000f\000e\000r\000e\000n\000t\000e\000s\000\040\000c\000o\000n\000j\000u\000n\000t\000o\000s\000\040\000d\000e\000\040\000d\000a\000d\000o\000s}{section.10}% 147
\BOOKMARK [2][-]{subsection.10.4}{\376\377\000S\000e\000m\000e\000l\000h\000a\000n\000\347\000a\000s\000\040\000e\000\040\000d\000i\000f\000e\000r\000e\000n\000\347\000a\000s\000\040\000e\000n\000t\000r\000e\000\040\000a\000s\000\040\000b\000a\000s\000e\000s}{section.10}% 148
\BOOKMARK [2][-]{subsection.10.5}{\376\377\000H\000i\000p\000\363\000t\000e\000s\000e\000s\000\040\000s\000o\000b\000r\000e\000\040\000o\000\040\000d\000e\000s\000e\000m\000p\000e\000n\000h\000o\000\040\000d\000o\000\040\000F\000E\000M\000a}{section.10}% 149
\BOOKMARK [1][-]{section.11}{\376\377\000C\000o\000n\000c\000l\000u\000s\000\343\000o}{}% 150
\BOOKMARK [1][-]{appendix.A}{\376\377\000D\000e\000f\000i\000n\000i\000\347\000\365\000e\000s\000\040\000M\000a\000t\000e\000m\000\341\000t\000i\000c\000a\000s\000\040\000C\000o\000m\000p\000l\000e\000t\000a\000s}{}% 151
\BOOKMARK [1][-]{appendix.B}{\376\377\000D\000a\000d\000o\000s\000\040\000U\000t\000i\000l\000i\000z\000a\000d\000o\000s\000\040\000n\000o\000s\000\040\000G\000r\000\341\000f\000i\000c\000o\000s}{}% 152
\BOOKMARK [1][-]{appendix.C}{\376\377\000R\000e\000s\000u\000l\000t\000a\000d\000o\000s\000\040\000C\000o\000m\000p\000u\000t\000a\000c\000i\000o\000n\000a\000i\000s}{}% 153
